[2023-08-29T14:56:00.355+0800][2.112s][info] GC(2) Pause Initial Mark
[2023-08-29T14:56:00.359+0800][2.116s][info] GC(2) Pause Initial Mark 34M->34M(2014M) 3.410ms
[2023-08-29T14:56:00.359+0800][2.116s][info] GC(2) User=0.01s Sys=0.00s Real=0.00s
[2023-08-29T14:56:00.360+0800][2.117s][info] GC(2) Concurrent Mark
[2023-08-29T14:56:00.495+0800][2.252s][info] GC(2) Concurrent Mark 136.570ms
[2023-08-29T14:56:00.495+0800][2.252s][info] GC(2) User=0.44s Sys=0.02s Real=0.14s
[2023-08-29T14:56:00.496+0800][2.253s][info] GC(2) Concurrent Preclean
[2023-08-29T14:56:00.500+0800][2.257s][info] GC(2) Concurrent Preclean 4.724ms
[2023-08-29T14:56:00.501+0800][2.257s][info] GC(2) User=0.01s Sys=0.00s Real=0.01s
[2023-08-29T14:56:00.501+0800][2.257s][info] GC(2) Concurrent Abortable Preclean
[2023-08-29T14:56:00.695+0800][2.452s][info] GC(3) Pause Young (Allocation Failure)
[2023-08-29T14:56:00.695+0800][2.452s][info] GC(3) Using 4 workers of 4 for evacuation
[2023-08-29T14:56:00.698+0800][2.455s][info] GC(2) Concurrent Abortable Preclean 197.909ms
[2023-08-29T14:56:00.698+0800][2.455s][info] GC(2) User=0.68s Sys=0.00s Real=0.19s
[2023-08-29T14:56:01.670+0800][3.427s][info] GC(3) ParNew: 305431K->34048K(306688K)
[2023-08-29T14:56:01.670+0800][3.427s][info] GC(3) CMS: 0K->229467K(1756416K)
[2023-08-29T14:56:01.670+0800][3.427s][info] GC(3) Metaspace: 21698K->21698K(1069056K)
[2023-08-29T14:56:01.670+0800][3.427s][info] GC(3) Pause Young (Allocation Failure) 298M->257M(2014M) 974.417ms
[2023-08-29T14:56:01.670+0800][3.427s][info] GC(3) User=3.55s Sys=0.23s Real=0.97s
[2023-08-29T14:56:01.692+0800][3.449s][info] GC(2) Pause Remark
[2023-08-29T14:56:01.767+0800][3.524s][info] GC(2) Pause Remark 275M->275M(2014M) 75.082ms
[2023-08-29T14:56:01.767+0800][3.524s][info] GC(2) User=0.22s Sys=0.00s Real=0.07s
[2023-08-29T14:56:01.768+0800][3.525s][info] GC(2) Concurrent Sweep
[2023-08-29T14:56:01.934+0800][3.690s][info] GC(2) Concurrent Sweep 166.162ms
[2023-08-29T14:56:01.934+0800][3.690s][info] GC(2) User=0.66s Sys=0.01s Real=0.17s
[2023-08-29T14:56:01.934+0800][3.691s][info] GC(2) Concurrent Reset
[2023-08-29T14:56:02.003+0800][3.760s][info] GC(4) Pause Young (Allocation Failure)
[2023-08-29T14:56:02.003+0800][3.760s][info] GC(4) Using 4 workers of 4 for evacuation
[2023-08-29T14:56:02.394+0800][4.150s][info] GC(4) ParNew: 306688K->34048K(306688K)
[2023-08-29T14:56:02.394+0800][4.150s][info] GC(4) CMS: 229467K->463268K(1756416K)
[2023-08-29T14:56:02.394+0800][4.150s][info] GC(4) Metaspace: 21704K->21704K(1069056K)
[2023-08-29T14:56:02.394+0800][4.150s][info] GC(4) Pause Young (Allocation Failure) 523M->485M(2014M) 390.715ms
[2023-08-29T14:56:02.394+0800][4.150s][info] GC(4) User=1.37s Sys=0.15s Real=0.39s
[2023-08-29T14:56:02.544+0800][4.300s][info] GC(2) Concurrent Reset 609.769ms
[2023-08-29T14:56:02.544+0800][4.300s][info] GC(2) User=2.06s Sys=0.32s Real=0.61s
[2023-08-29T14:56:02.544+0800][4.300s][info] GC(2) Old: 0K->463268K(1756416K)
