[0.600s][info][gc,start     ] GC(1) Pause Young (Allocation Failure)
[0.600s][info][gc,task      ] GC(1) Using 2 workers of 8 for evacuation
[0.632s][info][gc,heap      ] GC(1) ParNew: 46079K->5120K(46080K)
[0.632s][info][gc,heap      ] GC(1) CMS: 14224K->48865K(51200K)
[0.632s][info][gc,metaspace ] GC(1) Metaspace: 6590K->6590K(1056768K)
[0.632s][info][gc           ] GC(1) Pause Young (Allocation Failure) 58M->52M(95M) 32.662ms
[0.632s][info][gc,cpu       ] GC(1) User=0.05s Sys=0.01s Real=0.03s
[0.632s][info][gc,start     ] GC(2) Pause Initial Mark
[0.635s][info][gc           ] GC(2) Pause Initial Mark 53M->53M(95M) 2.784ms
[0.635s][info][gc,cpu       ] GC(2) User=0.03s Sys=0.00s Real=0.00s
[0.635s][info][gc           ] GC(2) Concurrent Mark
[0.635s][info][gc,task      ] GC(2) Using 2 workers of 2 for marking
[0.642s][info][gc           ] GC(2) Concurrent Mark 6.796ms
[0.642s][info][gc,cpu       ] GC(2) User=0.02s Sys=0.00s Real=0.01s
[0.642s][info][gc           ] GC(2) Concurrent Preclean
[0.642s][info][gc           ] GC(2) Concurrent Preclean 0.110ms
[0.642s][info][gc,cpu       ] GC(2) User=0.02s Sys=0.00s Real=0.00s
[0.642s][info][gc,start     ] GC(2) Pause Remark
[0.642s][info][gc,start     ] GC(3) Pause Young (CMS Final Remark)
[0.642s][info][gc,task      ] GC(3) Using 2 workers of 8 for evacuation
[0.642s][info][gc,heap      ] GC(3) ParNew: 5923K->5921K(46080K)
[0.642s][info][gc,heap      ] GC(3) CMS: 48865K->48865K(51200K)
[0.642s][info][gc,metaspace ] GC(3) Metaspace: 6590K->6590K(1056768K)
[0.642s][info][gc           ] GC(3) Pause Young (CMS Final Remark) 53M->53M(95M) 0.040ms
[0.642s][info][gc,cpu       ] GC(3) User=0.07s Sys=0.00s Real=0.00s
[0.646s][info][gc           ] GC(2) Pause Remark 53M->53M(95M) 3.259ms
[0.646s][info][gc,cpu       ] GC(2) User=0.09s Sys=0.00s Real=0.00s
[0.646s][info][gc           ] GC(2) Concurrent Sweep
[0.654s][info][gc           ] GC(2) Concurrent Sweep 8.299ms
[0.654s][info][gc,cpu       ] GC(2) User=0.01s Sys=0.00s Real=0.01s
[0.654s][info][gc           ] GC(2) Concurrent Reset
[0.654s][info][gc           ] GC(2) Concurrent Reset 0.046ms
[0.654s][info][gc,cpu       ] GC(2) User=0.04s Sys=0.00s Real=0.00s
[0.654s][info][gc,heap      ] GC(2) Old: 48865K->34645K(51200K)
