2022-10-14T14:28:44.426+0800: 165.382: [GC (CMS Initial Mark) [1 CMS-initial-mark: 1308232K(2097152K)] 2715777K(4019584K), 0.2266431 secs] [Times: user=0.85 sys=0.03, real=0.23 secs]
2022-10-14T14:28:44.653+0800: 165.609: [CMS-concurrent-mark-start]
2022-10-14T14:28:46.815+0800: 167.771: [CMS-concurrent-mark: 2.082/2.161 secs] [Times: user=4.22 sys=0.58, real=2.16 secs]
2022-10-14T14:28:46.815+0800: 167.771: [CMS-concurrent-preclean-start]
2022-10-14T14:28:46.854+0800: 167.810: [CMS-concurrent-preclean: 0.038/0.039 secs] [Times: user=0.12 sys=0.01, real=0.04 secs]
2022-10-14T14:28:46.855+0800: 167.811: [CMS-concurrent-abortable-preclean-start]
2022-10-14T14:28:47.937+0800: 168.893: [GC (Allocation Failure) 2022-10-14T14:28:47.937+0800: 168.893: [ParNew: 1922431K->174720K(1922432K), 0.2928759 secs] 3230664K->1560308K(4019584K), 0.2931600 secs] [Times: user=0.83 sys=0.06, real=0.29 secs]
2022-10-14T14:28:50.764+0800: 171.720: [CMS-concurrent-abortable-preclean: 3.498/3.909 secs] [Times: user=10.64 sys=1.14, real=3.91 secs]
2022-10-14T14:28:50.765+0800: 171.721: [GC (CMS Final Remark) [YG occupancy: 1056998 K (1922432 K)]2022-10-14T14:28:50.765+0800: 171.721: [GC (CMS Final Remark) 2022-10-14T14:28:50.765+0800: 171.721: [ParNew: 1056998K->151245K(1922432K), 0.1588173 secs] 2442587K->1615175K(4019584K), 0.1590607 secs] [Times: user=0.49 sys=0.05, real=0.16 secs]
2022-10-14T14:28:50.924+0800: 171.880: [Rescan (parallel) , 0.0482726 secs]2022-10-14T14:28:50.973+0800: 171.929: [weak refs processing, 0.0000506 secs]2022-10-14T14:28:50.973+0800: 171.929: [class unloading, 0.0809186 secs]2022-10-14T14:28:51.054+0800: 172.010: [scrub symbol table, 0.0649216 secs]2022-10-14T14:28:51.118+0800: 172.075: [scrub string table, 0.0045311 secs][1 CMS-remark: 1463930K(2097152K)] 1615175K(4019584K), 0.3629243 secs] [Times: user=0.83 sys=0.06, real=0.36 secs]
2022-10-14T14:28:51.129+0800: 172.085: [CMS-concurrent-sweep-start]
2022-10-14T14:28:51.881+0800: 172.837: [CMS-concurrent-sweep: 0.727/0.752 secs] [Times: user=1.41 sys=0.20, real=0.75 secs]
2022-10-14T14:28:51.881+0800: 172.837: [CMS-concurrent-reset-start]
2022-10-14T14:28:51.895+0800: 172.851: [CMS-concurrent-reset: 0.014/0.014 secs] [Times: user=0.03 sys=0.01, real=0.02 secs]
