OpenJDK 64-Bit Server VM (25.212-b469) for linux-amd64 JRE (1.8.0_212-b469), built on Jun 16 2019 15:54:49 by \"admin\" with gcc 4.8.2
Memory: 4k page, physical 8388608k(5632076k free), swap 0k(0k free)
610.956: [Full GC (Heap Dump Initiated GC) 610.956: [CMS[YG occupancy: 1212954 K (1843200 K)]611.637: [weak refs processing, 0.0018945 secs]611.639: [class unloading, 0.0454119 secs]611.684: [scrub symbol table, 0.0248340 secs]611.709: [scrub string table, 0.0033967 secs]: 324459K->175339K(3072000K), 1.0268069 secs] 1537414K->1388294K(4915200K), [Metaspace: 114217K->113775K(1153024K)], 1.0277002 secs] [Times: user=1.71 sys=0.05, real=1.03 secs]
674.686: [GC (Allocation Failure) 674.687: [ParNew: 1922432K->174720K(1922432K), 0.1691241 secs] 3557775K->1858067K(4019584K), 0.1706065 secs] [Times: user=0.54 sys=0.04, real=0.17 secs]
675.110: Total time for which application threads were stopped: 0.0001215 seconds, Stopping threads took: 0.0000271 seconds
675.111: Application time: 0.0170944 seconds
675.164: [GC (CMS Initial Mark) [1 CMS-initial-mark: 1683347K(2097152K)] 1880341K(4019584K), 0.0714398 secs] [Times: user=0.19 sys=0.05, real=0.07 secs]
675.461: [CMS-concurrent-mark-start]
705.287: [GC (Allocation Failure) 705.288: [ParNew: 1922432K->174720K(1922432K), 0.2481441 secs] 3680909K->2051729K(4019584K), 0.2502404 secs] [Times: user=0.93 sys=0.10, real=0.25 secs]
709.876: [CMS-concurrent-mark: 17.528/34.415 secs] [Times: user=154.39 sys=4.20, real=34.42 secs]
709.959: [CMS-concurrent-preclean-start]
710.570: [CMS-concurrent-preclean: 0.576/0.611 secs] [Times: user=3.08 sys=0.05, real=0.69 secs]
710.571: [CMS-concurrent-abortable-preclean-start]
715.691: [GC (Allocation Failure) 715.692: [ParNew: 1922432K->174720K(1922432K), 0.1974709 secs] 3799441K->2119132K(4019584K), 0.1992381 secs] [Times: user=0.61 sys=0.04, real=0.20 secs]
717.759: [CMS-concurrent-abortable-preclean: 5.948/7.094 secs] [Times: user=32.21 sys=0.66, real=7.19 secs]
717.792: [GC (CMS Final Remark) [YG occupancy: 438765 K (1922432 K)]717.792: [Rescan (parallel) , 0.1330457 secs]717.925: [weak refs processing, 0.0007103 secs]717.926: [class unloading, 0.2074917 secs]718.134: [scrub symbol table, 0.0751664 secs]718.209: [scrub string table, 0.0137015 secs][1 CMS-remark: 1944412K(2097152K)] 2383178K(4019584K), 0.4315000 secs] [Times: user=0.77 sys=0.01, real=0.43 secs]
718.226: [CMS-concurrent-sweep-start]
724.991: [GC (Allocation Failure) 724.992: [ParNew: 1922432K->174720K(1922432K), 0.2272846 secs] 3377417K->1710595K(4019584K), 0.2289948 secs] [Times: user=0.70 sys=0.01, real=0.23 secs]
728.865: [CMS-concurrent-sweep: 8.279/10.639 secs] [Times: user=48.12 sys=1.21, real=10.64 secs]
731.570: [CMS-concurrent-reset-start]
731.806: [CMS-concurrent-reset: 0.205/0.237 secs] [Times: user=1.43 sys=0.04, real=0.34 secs]
778.294: [GC (Allocation Failure) 778.295: [ParNew: 1922432K->163342K(1922432K), 0.2104952 secs] 3570857K->1917247K(4019584K), 0.2120639 secs] [Times: user=0.63 sys=0.00, real=0.21 secs]
778.534: [GC (CMS Initial Mark) [1 CMS-initial-mark: 1753905K(2097152K)] 1917298K(4019584K), 0.0645754 secs] [Times: user=0.20 sys=0.01, real=0.06 secs]
778.601: [CMS-concurrent-mark-start]
792.762: [CMS-concurrent-mark: 11.404/14.161 secs] [Times: user=61.30 sys=2.27, real=14.17 secs]
792.763: [CMS-concurrent-preclean-start]
795.862: [CMS-concurrent-preclean: 2.148/3.100 secs] [Times: user=12.43 sys=0.91, real=3.10 secs]
795.864: [CMS-concurrent-abortable-preclean-start]
795.864: [CMS-concurrent-abortable-preclean: 0.000/0.000 secs] [Times: user=0.03 sys=0.00, real=0.00 secs]
795.886: [GC (CMS Final Remark) [YG occupancy: 1619303 K (1922432 K)]795.887: [Rescan (parallel) , 0.2995817 secs]796.186: [weak refs processing, 0.0001985 secs]796.187: [class unloading, 0.1856105 secs]796.372: [scrub symbol table, 0.0734544 secs]796.446: [scrub string table, 0.0079670 secs][1 CMS-remark: 2048429K(2097152K)] 3667732K(4019584K), 0.5676600 secs] [Times: user=1.34 sys=0.01, real=0.57 secs]
796.456: [CMS-concurrent-sweep-start]
796.991: [GC (Allocation Failure) 796.992: [ParNew: 1922432K->1922432K(1922432K), 0.0000267 secs]796.992: [CMS797.832: [CMS-concurrent-sweep: 1.180/1.376 secs] [Times: user=3.42 sys=0.14, real=1.38 secs]
 (concurrent mode failure): 2034154K->1051300K(2097152K), 4.6146919 secs] 3956586K->1051300K(4019584K), [Metaspace: 296232K->296083K(1325056K)], 4.6165192 secs] [Times: user=4.60 sys=0.05, real=4.62 secs]
813.396: [GC (Allocation Failure) 813.396: [ParNew813.404: [SoftReference, 4 refs, 0.0000260 secs]813.405: [WeakReference, 59 refs, 0.0000110 secs]813.406: [FinalReference, 1407 refs, 0.0025979 secs]813.407: [PhantomReference, 11 refs, 10 refs, 0.0000131 secs]813.408: [JNI Weak Reference, 0.0000088 secs]: 69952K->8704K(78656K), 0.0104509 secs] 69952K->11354K(253440K), 0.0105137 secs] [Times: user=0.04 sys=0.01, real=0.01 secs]
