2022-04-25T11:38:47.548+0800: 725.062: [GC pause (G1 Evacuation Pause) (young) (initial-mark) 725.062: [G1Ergonomics (CSet Construction) start choosing CSet, _pending_cards: 5369, predicted base time: 22.02 ms, remaining time: 177.98 ms, target pause time: 200.00 ms]
 725.062: [G1Ergonomics (CSet Construction) add young regions to CSet, eden: 10 regions, survivors: 1 regions, predicted young region time: 2.34 ms]
 725.062: [G1Ergonomics (CSet Construction) finish choosing CSet, eden: 10 regions, survivors: 1 regions, old: 0 regions, predicted pause time: 24.37 ms, target pause time: 200.00 ms]
, 0.0182684 secs]
   [Parallel Time: 17.4 ms, GC Workers: 4]
      [GC Worker Start (ms): Min: 725063.0, Avg: 725063.0, Max: 725063.0, Diff: 0.0]
      [Ext Root Scanning (ms): Min: 7.6, Avg: 7.9, Max: 8.4, Diff: 0.8, Sum: 31.6]
      [Update RS (ms): Min: 2.6, Avg: 2.7, Max: 2.9, Diff: 0.3, Sum: 10.8]
         [Processed Buffers: Min: 6, Avg: 6.8, Max: 7, Diff: 1, Sum: 27]
      [Scan RS (ms): Min: 0.0, Avg: 0.0, Max: 0.0, Diff: 0.0, Sum: 0.0]
      [Code Root Scanning (ms): Min: 0.0, Avg: 0.0, Max: 0.0, Diff: 0.0, Sum: 0.0]
      [Object Copy (ms): Min: 5.4, Avg: 6.1, Max: 6.5, Diff: 1.1, Sum: 24.5]
      [Termination (ms): Min: 0.0, Avg: 0.0, Max: 0.0, Diff: 0.0, Sum: 0.1]
         [Termination Attempts: Min: 1, Avg: 4.8, Max: 8, Diff: 7, Sum: 19]
      [GC Worker Other (ms): Min: 0.0, Avg: 0.0, Max: 0.0, Diff: 0.0, Sum: 0.1]
      [GC Worker Total (ms): Min: 16.8, Avg: 16.8, Max: 16.8, Diff: 0.0, Sum: 67.1]
      [GC Worker End (ms): Min: 725079.8, Avg: 725079.8, Max: 725079.8, Diff: 0.0]
   [Code Root Fixup: 0.0 ms]
   [Code Root Purge: 0.0 ms]
   [Clear CT: 0.1 ms]
   [Other: 0.7 ms]
      [Choose CSet: 0.0 ms]
      [Ref Proc: 0.1 ms]
      [Ref Enq: 0.0 ms]
      [Redirty Cards: 0.1 ms]
      [Humongous Register: 0.0 ms]
      [Humongous Reclaim: 0.0 ms]
      [Free CSet: 0.0 ms]
   [Eden: 320.0M(320.0M)->0.0B(320.0M) Survivors: 32768.0K->32768.0K Heap: 2223.9M(2560.0M)->1902.5M(2560.0M)]
 [Times: user=0.07 sys=0.00, real=0.02 secs]
2022-04-25T11:38:47.567+0800: 2022-04-25T11:38:47.567+0800: 725.081: 725.081: Total time for which application threads were stopped: 0.0227079 seconds, Stopping threads took: 0.0000889 seconds
[GC concurrent-root-region-scan-start]
2022-04-25T11:38:47.581+0800: 725.095: Application time: 0.0138476 seconds
2022-04-25T11:38:47.585+0800: 725.099: Total time for which application threads were stopped: 0.0042001 seconds, Stopping threads took: 0.0000809 seconds
2022-04-25T11:38:47.613+0800: 725.127: [GC concurrent-root-region-scan-end, 0.0460720 secs]
2022-04-25T11:38:47.613+0800: 725.127: [GC concurrent-mark-start]
2022-04-25T11:38:51.924+0800: 729.438: [GC pause (G1 Evacuation Pause) (young) 729.438: [G1Ergonomics (CSet Construction) start choosing CSet, _pending_cards: 4375, predicted base time: 22.74 ms, remaining time: 177.26 ms, target pause time: 200.00 ms]
 729.438: [G1Ergonomics (CSet Construction) add young regions to CSet, eden: 10 regions, survivors: 1 regions, predicted young region time: 4.90 ms]
 729.438: [G1Ergonomics (CSet Construction) finish choosing CSet, eden: 10 regions, survivors: 1 regions, old: 0 regions, predicted pause time: 27.64 ms, target pause time: 200.00 ms]
, 0.0535660 secs]
   [Parallel Time: 52.5 ms, GC Workers: 4]
      [GC Worker Start (ms): Min: 729438.4, Avg: 729438.5, Max: 729438.5, Diff: 0.0]
      [Ext Root Scanning (ms): Min: 5.2, Avg: 5.9, Max: 6.9, Diff: 1.8, Sum: 23.7]
      [Update RS (ms): Min: 1.7, Avg: 2.5, Max: 3.3, Diff: 1.7, Sum: 10.0]
         [Processed Buffers: Min: 4, Avg: 6.0, Max: 7, Diff: 3, Sum: 24]
      [Scan RS (ms): Min: 0.0, Avg: 0.0, Max: 0.0, Diff: 0.0, Sum: 0.0]
      [Code Root Scanning (ms): Min: 0.0, Avg: 0.0, Max: 0.0, Diff: 0.0, Sum: 0.0]
      [Object Copy (ms): Min: 5.6, Avg: 5.7, Max: 6.1, Diff: 0.5, Sum: 22.9]
      [Termination (ms): Min: 37.2, Avg: 37.5, Max: 38.2, Diff: 1.0, Sum: 149.9]
         [Termination Attempts: Min: 1, Avg: 10.8, Max: 17, Diff: 16, Sum: 43]
      [GC Worker Other (ms): Min: 0.0, Avg: 0.0, Max: 0.0, Diff: 0.0, Sum: 0.1]
      [GC Worker Total (ms): Min: 51.4, Avg: 51.7, Max: 52.4, Diff: 0.9, Sum: 206.7]
      [GC Worker End (ms): Min: 729489.9, Avg: 729490.1, Max: 729490.8, Diff: 0.9]
   [Code Root Fixup: 0.0 ms]
   [Code Root Purge: 0.0 ms]
   [Clear CT: 0.1 ms]
   [Other: 1.0 ms]
      [Choose CSet: 0.0 ms]
      [Ref Proc: 0.4 ms]
      [Ref Enq: 0.0 ms]
      [Redirty Cards: 0.0 ms]
      [Humongous Register: 0.0 ms]
      [Humongous Reclaim: 0.0 ms]
      [Free CSet: 0.0 ms]
   [Eden: 320.0M(320.0M)->0.0B(320.0M) Survivors: 32768.0K->32768.0K Heap: 2230.5M(2560.0M)->1906.2M(2560.0M)]
 [Times: user=0.06 sys=0.01, real=0.05 secs]
2022-04-25T11:38:51.978+0800: 729.492: Total time for which application threads were stopped: 0.0578224 seconds, Stopping threads took: 0.0000709 seconds
2022-04-25T11:38:52.409+0800: 729.923: Application time: 0.4310531 seconds
2022-04-25T11:38:52.944+0800: 730.458: [GC concurrent-mark-end, 5.3312732 secs]
2022-04-25T11:38:52.944+0800: 730.458: Application time: 0.1087156 seconds
2022-04-25T11:38:52.949+0800: 730.463: [GC remark 2022-04-25T11:38:52.949+0800: 730.463: [Finalize Marking, 0.0014784 secs] 2022-04-25T11:38:52.950+0800: 730.464: [GC ref-proc, 0.0007278 secs] 2022-04-25T11:38:52.951+0800: 730.465: [Unloading, 0.1281692 secs], 0.1350560 secs]
 [Times: user=0.21 sys=0.01, real=0.13 secs]
2022-04-25T11:38:53.084+0800: 730.598: Total time for which application threads were stopped: 0.1396855 seconds, Stopping threads took: 0.0000545 seconds
2022-04-25T11:38:53.084+0800: 730.598: Application time: 0.0000928 seconds
2022-04-25T11:38:53.089+0800: 730.603: [GC cleanup 1984M->1984M(2560M), 0.0016114 secs]
 [Times: user=0.01 sys=0.00, real=0.01 secs]
