3.960: [GC pause (G1 Evacuation Pause) (young)4.000: [SoftReference, 0 refs, 0.0000435 secs]4.000: [WeakReference, 374 refs, 0.0002082 secs]4.001: [FinalReference, 5466 refs, 0.0141707 secs]4.015: [PhantomReference, 0 refs, 0 refs, 0.0000253 secs]4.015: [JNI Weak Reference, 0.0000057 secs], 0.0563085 secs]
   [Parallel Time: 39.7 ms, GC Workers: 4]
      [GC Worker Start (ms): Min: 3959.8, Avg: 3959.9, Max: 3960.1, Diff: 0.2]
      [Ext Root Scanning (ms): Min: 2.6, Avg: 10.1, Max: 17.9, Diff: 15.2, Sum: 40.4]
      [Update RS (ms): Min: 0.0, Avg: 0.0, Max: 0.0, Diff: 0.0, Sum: 0.0]
         [Processed Buffers: Min: 0, Avg: 0.0, Max: 0, Diff: 0, Sum: 0]
      [Scan RS (ms): Min: 0.0, Avg: 0.0, Max: 0.0, Diff: 0.0, Sum: 0.0]
      [Code Root Scanning (ms): Min: 0.0, Avg: 0.5, Max: 2.1, Diff: 2.1, Sum: 2.1]
      [Object Copy (ms): Min: 18.1, Avg: 26.2, Max: 33.7, Diff: 15.6, Sum: 104.9]
      [Termination (ms): Min: 0.0, Avg: 1.5, Max: 3.5, Diff: 3.5, Sum: 6.2]
         [Termination Attempts: Min: 1, Avg: 21.8, Max: 51, Diff: 50, Sum: 87]
      [GC Worker Other (ms): Min: 0.0, Avg: 0.1, Max: 0.1, Diff: 0.0, Sum: 0.2]
      [GC Worker Total (ms): Min: 38.0, Avg: 38.5, Max: 39.5, Diff: 1.5, Sum: 153.8]
      [GC Worker End (ms): Min: 3998.0, Avg: 3998.4, Max: 3999.4, Diff: 1.4]
   [Code Root Fixup: 0.2 ms]
   [Code Root Purge: 0.2 ms]
   [Clear CT: 0.2 ms]
   [Other: 16.0 ms]
      [Choose CSet: 0.0 ms]
      [Ref Proc: 15.1 ms]
      [Ref Enq: 0.2 ms]
      [Redirty Cards: 0.1 ms]
      [Humongous Register: 0.0 ms]
      [Humongous Reclaim: 0.0 ms]
      [Free CSet: 0.3 ms]
   [Eden: 184.0M(184.0M)->0.0B(160.0M) Survivors: 0.0B->24.0M Heap: 184.0M(3800.0M)->19.3M(3800.0M)]
 [Times: user=0.07 sys=0.01, real=0.06 secs]
4.230: [GC concurrent-root-region-scan-start]
4.391: [GC concurrent-root-region-scan-end, 0.1608430 secs]
4.391: [GC concurrent-mark-start]
7.101: [GC concurrent-mark-reset-for-overflow]
19.072: [GC concurrent-mark-end, 14.6803750 secs]
19.078: [GC remark 19.078: [Finalize Marking, 0.1774665 secs] 19.255: [GC ref-proc, 0.1648116 secs] 19.420: [Unloading, 0.1221964 secs], 0.4785858 secs]
 [Times: user=1.47 sys=0.31, real=0.48 secs]
19.563: [GC cleanup 11G->9863M(20G), 0.0659638 secs]
 [Times: user=0.20 sys=0.01, real=0.07 secs]
19.630: [GC concurrent-cleanup-start]
19.631: [GC concurrent-cleanup-end, 0.0010377 secs]
23.346: [Full GC (Metadata GC Threshold)  7521M->7002M(46144M), 1.9242692 secs]
   [Eden: 0.0B(1760.0M)->0.0B(2304.0M) Survivors: 544.0M->0.0B Heap: 7521.7M(46144.0M)->7002.8M(46144.0M)], [Metaspace: 1792694K->291615K(698368K)]
 [Times: user=2.09 sys=0.19, real=1.92 secs]
79.619: [GC pause (G1 Evacuation Pause) (mixed)79.636: [SoftReference, 1 refs, 0.0000415 secs]79.636: [WeakReference, 2 refs, 0.0000061 secs]79.636: [FinalReference, 3 refs, 0.0000049 secs]79.636: [PhantomReference, 4 refs, 5 refs, 0.0000052 secs]79.636: [JNI Weak Reference, 0.0000117 secs] (to-space exhausted), 0.0264971 secs]
   [Parallel Time: 20.5 ms, GC Workers: 4]
      [GC Worker Start (ms): Min: 1398294.3, Avg: 1398294.4, Max: 1398294.5, Diff: 0.2]
      [Ext Root Scanning (ms): Min: 1.8, Avg: 2.0, Max: 2.2, Diff: 0.4, Sum: 15.7]
      [Update RS (ms): Min: 1.2, Avg: 1.5, Max: 1.7, Diff: 0.5, Sum: 11.8]
         [Processed Buffers: Min: 21, Avg: 27.0, Max: 30, Diff: 9, Sum: 216]
      [Scan RS (ms): Min: 1.8, Avg: 1.9, Max: 2.2, Diff: 0.4, Sum: 15.5]
      [Code Root Scanning (ms): Min: 0.0, Avg: 0.0, Max: 0.0, Diff: 0.0, Sum: 0.0]
      [Object Copy (ms): Min: 14.5, Avg: 14.7, Max: 14.9, Diff: 0.4, Sum: 118.0]
      [Termination (ms): Min: 0.0, Avg: 0.1, Max: 0.1, Diff: 0.1, Sum: 0.5]
         [Termination Attempts: Min: 1, Avg: 148.2, Max: 181, Diff: 180, Sum: 1186]
      [GC Worker Other (ms): Min: 0.0, Avg: 0.0, Max: 0.1, Diff: 0.0, Sum: 0.3]
      [GC Worker Total (ms): Min: 20.1, Avg: 20.2, Max: 20.3, Diff: 0.2, Sum: 161.9]
      [GC Worker End (ms): Min: 1398314.7, Avg: 1398314.7, Max: 1398314.7, Diff: 0.0]
   [Code Root Fixup: 0.0 ms]
   [Code Root Purge: 0.0 ms]
   [Clear CT: 0.5 ms]
   [Other: 10.4 ms]
      [Choose CSet: 0.0 ms]
      [Ref Proc: 8.8 ms]
      [Ref Enq: 0.3 ms]
      [Redirty Cards: 0.2 ms]
      [Free CSet: 0.1 ms]
   [Eden: 2304.0M(2304.0M)->0.0B(2304.0M) Survivors: 192.0M->192.0M Heap: 15.0G(19.8G)->12.8G(19.8G)]
 [Times: user=0.17 sys=0.00, real=0.03 secs]
