2022-02-09T15:55:55.807+0800: 0.683: [GC pause (G1 Evacuation Pause) (young)
Desired survivor size 3670016 bytes, new threshold 15 (max 15)
 0.683: [G1Ergonomics (CSet Construction) start choosing CSet, _pending_cards: 0, predicted base time: 10.00 ms, remaining time: 240.00 ms, target pause time: 250.00 ms]
 0.683: [G1Ergonomics (CSet Construction) add young regions to CSet, eden: 51 regions, survivors: 0 regions, predicted young region time: 1298.76 ms]
 0.683: [G1Ergonomics (CSet Construction) finish choosing CSet, eden: 51 regions, survivors: 0 regions, old: 0 regions, predicted pause time: 1308.76 ms, target pause time: 250.00 ms]
, 0.0085898 secs]
   [Parallel Time: 5.5 ms, GC Workers: 4]
      [GC Worker Start (ms): Min: 682.6, Avg: 682.6, Max: 682.7, Diff: 0.0]
      [Ext Root Scanning (ms): Min: 0.8, Avg: 1.2, Max: 1.6, Diff: 0.8, Sum: 4.8]
      [Update RS (ms): Min: 0.0, Avg: 0.0, Max: 0.0, Diff: 0.0, Sum: 0.0]
         [Processed Buffers: Min: 0, Avg: 0.0, Max: 0, Diff: 0, Sum: 0]
      [Scan RS (ms): Min: 0.0, Avg: 0.0, Max: 0.0, Diff: 0.0, Sum: 0.0]
      [Code Root Scanning (ms): Min: 0.0, Avg: 0.2, Max: 0.9, Diff: 0.9, Sum: 0.9]
      [Object Copy (ms): Min: 3.5, Avg: 3.9, Max: 4.5, Diff: 1.0, Sum: 15.7]
      [Termination (ms): Min: 0.0, Avg: 0.0, Max: 0.0, Diff: 0.0, Sum: 0.1]
         [Termination Attempts: Min: 1, Avg: 6.8, Max: 9, Diff: 8, Sum: 27]
      [GC Worker Other (ms): Min: 0.0, Avg: 0.0, Max: 0.0, Diff: 0.0, Sum: 0.1]
      [GC Worker Total (ms): Min: 5.4, Avg: 5.4, Max: 5.4, Diff: 0.0, Sum: 21.6]
      [GC Worker End (ms): Min: 688.1, Avg: 688.1, Max: 688.1, Diff: 0.0]
   [Code Root Fixup: 0.0 ms]
   [Code Root Purge: 0.0 ms]
   [Clear CT: 0.1 ms]
   [Other: 3.0 ms]
      [Choose CSet: 0.0 ms]
      [Ref Proc: 2.6 ms]
      [Ref Enq: 0.0 ms]
      [Redirty Cards: 0.1 ms]
      [Humongous Register: 0.0 ms]
      [Humongous Reclaim: 0.0 ms]
      [Free CSet: 0.1 ms]
   [Eden: 52224.0K(52224.0K)->0.0B(45056.0K) Survivors: 0.0B->7168.0K Heap: 52224.0K(1024.0M)->8184.0K(1024.0M)]
 [Times: user=0.02 sys=0.01, real=0.01 secs]
