OpenJDK 64-Bit Server VM (25.322-b06) for linux-amd64 JRE (1.8.0_322-b06), built on Jan 27 2022 17:54:59 by \"mockbuild\" with gcc 4.8.5 20150623 (Red Hat 4.8.5-44)
Memory: 4k page, physical 32245912k(28375460k free), swap 0k(0k free)
CommandLine flags: -XX:CompressedClassSpaceSize=1065353216 -XX:ConcGCThreads=4 -XX:+HeapDumpOnOutOfMemoryError -XX:HeapDumpPath=/var/log/hsy/dump.hprof -XX:InitialHeapSize=23521656832 -XX:MaxHeapSize=23521656832 -XX:MaxMetaspaceSize=1073741824 -XX:MetaspaceSize=536870912 -XX:ParallelGCThreads=4 -XX:+PrintGC -XX:+PrintGCDateStamps -XX:+PrintGCTimeStamps -XX:SurvivorRatio=8 -XX:ThreadStackSize=512 -XX:+UseCompressedClassPointers -XX:+UseCompressedOops -XX:+UseG1GC -XX:-UseGCLogFileRotation
25345.655: [GC pause (G1 Humongous Allocation) (young) (initial-mark) 19312M->18816M(22432M), 0.0259009 secs]
25345.681: [GC concurrent-root-region-scan-start]
25345.700: [GC concurrent-root-region-scan-end, 0.0187169 secs]
25345.700: [GC concurrent-mark-start]
25346.590: [GC pause (G1 Evacuation Pause) (young) 19948M->18868M(22432M), 0.0274763 secs]
25347.456: [GC pause (G1 Evacuation Pause) (young) 20097M->19456M(22432M), 0.8351748 secs]
25360.101: [GC concurrent-mark-end, 14.4015709 secs]
25360.104: [GC remark, 0.0943079 secs]
25360.201: [GC cleanup 21811M->21175M(22432M), 0.0354017 secs]
25360.237: [GC concurrent-cleanup-start]
25360.237: [GC concurrent-cleanup-end, 0.0002351 secs]
25365.325: [GC pause (G1 Evacuation Pause) (young)-- 22058M->22154M(22432M), 1.6706033 secs]
25367.056: [GC pause (G1 Evacuation Pause) (young) (initial-mark)-- 22330M->22330M(22432M), 2.2812162 secs]
25369.337: [GC concurrent-root-region-scan-start]
25369.338: [GC concurrent-root-region-scan-end, 0.0003028 secs]
25369.338: [GC concurrent-mark-start]
25369.342: [GC pause (G1 Evacuation Pause) (young) 22330M->22330M(22432M), 0.2968099 secs]
25369.642: [GC pause (G1 Evacuation Pause) (young) 22330M->22330M(22432M), 0.0045584 secs]
25369.649: [Full GC (Allocation Failure)  22330M->8207M(22432M), 27.9811092 secs]
25397.630: [GC concurrent-mark-abort]
25398.097: [GC pause (G1 Evacuation Pause) (young) 9327M->8249M(22432M), 0.0434199 secs]
